// Jest Snapshot v1, https://goo.gl/fbAQLP

exports[`webpack plugin package 1`] = `
Array [
  Object {
    "chunkNames": Array [],
    "chunks": Array [],
    "emitted": true,
    "isOverSizeLimit": undefined,
    "name": "bundle-stats.html",
    "size": 0,
  },
  Object {
    "chunkNames": Array [
      "main",
    ],
    "chunks": Array [
      0,
    ],
    "emitted": true,
    "isOverSizeLimit": undefined,
    "name": "main.js",
    "size": 956,
  },
]
`;
